<?xml version="1.0" encoding="UTF-8"?>
<!DOCTYPE mapper PUBLIC "-//mybatis.org//DTD Mapper 3.0//EN" "http://mybatis.org/dtd/mybatis-3-mapper.dtd">
<mapper namespace="golden.mapper.StudentCourseMapper">
  <resultMap id="BaseResultMap" type="golden.model.StudentCourse">
    <id column="student_course_id" jdbcType="INTEGER" property="studentCourseId" />
    <result column="student_number" jdbcType="VARCHAR" property="studentNumber" />
    <result column="course_number" jdbcType="VARCHAR" property="courseNumber" />
    <result column="time" jdbcType="TIMESTAMP" property="time" />
  </resultMap>
  <sql id="Base_Column_List">
    student_course_id, student_number, course_number, time
  </sql>
  <select id="selectByPrimaryKey" parameterType="java.lang.Integer" resultMap="BaseResultMap">
    select 
    <include refid="Base_Column_List" />
    from student_course
    where student_course_id = #{studentCourseId,jdbcType=INTEGER}
  </select>
  
  <select id="get_stuNum_by_couNum" parameterType="String" resultMap="BaseResultMap">
    select 
    student_number
    from student_course
    where course_number = #{cou_num,jdbcType=VARCHAR}
  </select>
  
  <delete id="deleteByPrimaryKey" parameterType="java.lang.Integer">
    delete from student_course
    where student_course_id = #{studentCourseId,jdbcType=INTEGER}
  </delete>
  
  <delete id="del_stu_cou" parameterType="golden.model.StudentCourse">
    delete from student_course
    where student_number = #{studentNumber,jdbcType=VARCHAR} and course_number = #{courseNumber,jdbcType=VARCHAR}
  </delete>
  
  <insert id="insert" parameterType="golden.model.StudentCourse">
    insert into student_course (student_course_id, student_number, course_number, 
      time)
    values (#{studentCourseId,jdbcType=INTEGER}, #{studentNumber,jdbcType=VARCHAR}, #{courseNumber,jdbcType=VARCHAR}, 
      #{time,jdbcType=TIMESTAMP})
  </insert>
  <insert id="insertSelective" parameterType="golden.model.StudentCourse">
    insert into student_course
    <trim prefix="(" suffix=")" suffixOverrides=",">
      <if test="studentCourseId != null">
        student_course_id,
      </if>
      <if test="studentNumber != null">
        student_number,
      </if>
      <if test="courseNumber != null">
        course_number,
      </if>
      <if test="time != null">
        time,
      </if>
    </trim>
    <trim prefix="values (" suffix=")" suffixOverrides=",">
      <if test="studentCourseId != null">
        #{studentCourseId,jdbcType=INTEGER},
      </if>
      <if test="studentNumber != null">
        #{studentNumber,jdbcType=VARCHAR},
      </if>
      <if test="courseNumber != null">
        #{courseNumber,jdbcType=VARCHAR},
      </if>
      <if test="time != null">
        #{time,jdbcType=TIMESTAMP},
      </if>
    </trim>
  </insert>
  <update id="updateByPrimaryKeySelective" parameterType="golden.model.StudentCourse">
    update student_course
    <set>
      <if test="studentNumber != null">
        student_number = #{studentNumber,jdbcType=VARCHAR},
      </if>
      <if test="courseNumber != null">
        course_number = #{courseNumber,jdbcType=VARCHAR},
      </if>
      <if test="time != null">
        time = #{time,jdbcType=TIMESTAMP},
      </if>
    </set>
    where student_course_id = #{studentCourseId,jdbcType=INTEGER}
  </update>
  <update id="updateByPrimaryKey" parameterType="golden.model.StudentCourse">
    update student_course
    set student_number = #{studentNumber,jdbcType=VARCHAR},
      course_number = #{courseNumber,jdbcType=VARCHAR},
      time = #{time,jdbcType=TIMESTAMP}
    where student_course_id = #{studentCourseId,jdbcType=INTEGER}
  </update>
</mapper>