<?xml version="1.0" encoding="UTF-8"?>
<!DOCTYPE mapper PUBLIC "-//mybatis.org//DTD Mapper 3.0//EN" "http://mybatis.org/dtd/mybatis-3-mapper.dtd">
<mapper namespace="golden.mapper.ArticleMapper">
  <resultMap id="BaseResultMap" type="golden.model.Article">
    <id column="article_id" jdbcType="INTEGER" property="articleId" />
    <result column="teacher_id" jdbcType="INTEGER" property="teacherId" />
    <result column="title" jdbcType="VARCHAR" property="title" />
    <result column="image" jdbcType="VARCHAR" property="image" />
    <result column="text" jdbcType="VARCHAR" property="text" />
    <result column="release_time" jdbcType="TIMESTAMP" property="releaseTime" />
  </resultMap>
  
  <resultMap id="Article" type="golden.tempmodel.article_1">
      <id column="article_id" jdbcType="INTEGER" property="articleId" />
    <result column="text" jdbcType="VARCHAR" property="text" />
  </resultMap>
  <sql id="Base_Column_List">
    article_id, teacher_id, title, image, text, release_time
  </sql>
  <select id="selectByPrimaryKey" parameterType="java.lang.Integer" resultMap="BaseResultMap">
    select 
    <include refid="Base_Column_List" />
    from article
    where article_id = #{articleId,jdbcType=INTEGER}
  </select>
  
  <select id="select_text" resultMap="Article">
    select 
    article_id,text
    from article
  </select>
  
  <select id="get_art" parameterType="golden.tempmodel.Page_Para" resultMap="BaseResultMap">
    select 
    <include refid="Base_Column_List" />
    from article order by article_id desc limit #{start,jdbcType=INTEGER},#{size,jdbcType=INTEGER}
  </select>
  
  <select id="get_art_total"  resultType="java.lang.Integer">
    select 
    count(article_id)
    from article
  </select>
  
  
  <delete id="deleteByPrimaryKey" parameterType="java.lang.Integer">
    delete from article
    where article_id = #{articleId,jdbcType=INTEGER}
  </delete>
  <insert id="insert" parameterType="golden.model.Article">
    insert into article (article_id, teacher_id, title, 
      image, text, release_time
      )
    values (#{articleId,jdbcType=INTEGER}, #{teacherId,jdbcType=INTEGER}, #{title,jdbcType=VARCHAR}, 
      #{image,jdbcType=VARCHAR}, #{text,jdbcType=VARCHAR}, #{releaseTime,jdbcType=TIMESTAMP}
      )
  </insert>
  <insert id="insertSelective" parameterType="golden.model.Article">
    insert into article
    <trim prefix="(" suffix=")" suffixOverrides=",">
      <if test="articleId != null">
        article_id,
      </if>
      <if test="teacherId != null">
        teacher_id,
      </if>
      <if test="title != null">
        title,
      </if>
      <if test="image != null">
        image,
      </if>
      <if test="text != null">
        text,
      </if>
      <if test="releaseTime != null">
        release_time,
      </if>
    </trim>
    <trim prefix="values (" suffix=")" suffixOverrides=",">
      <if test="articleId != null">
        #{articleId,jdbcType=INTEGER},
      </if>
      <if test="teacherId != null">
        #{teacherId,jdbcType=INTEGER},
      </if>
      <if test="title != null">
        #{title,jdbcType=VARCHAR},
      </if>
      <if test="image != null">
        #{image,jdbcType=VARCHAR},
      </if>
      <if test="text != null">
        #{text,jdbcType=VARCHAR},
      </if>
      <if test="releaseTime != null">
        #{releaseTime,jdbcType=TIMESTAMP},
      </if>
    </trim>
  </insert>
  <update id="updateByPrimaryKeySelective" parameterType="golden.model.Article">
    update article
    <set>
      <if test="teacherId != null">
        teacher_id = #{teacherId,jdbcType=INTEGER},
      </if>
      <if test="title != null">
        title = #{title,jdbcType=VARCHAR},
      </if>
      <if test="image != null">
        image = #{image,jdbcType=VARCHAR},
      </if>
      <if test="text != null">
        text = #{text,jdbcType=VARCHAR},
      </if>
      <if test="releaseTime != null">
        release_time = #{releaseTime,jdbcType=TIMESTAMP},
      </if>
    </set>
    where article_id = #{articleId,jdbcType=INTEGER}
  </update>
  <update id="updateByPrimaryKey" parameterType="golden.model.Article">
    update article
    set teacher_id = #{teacherId,jdbcType=INTEGER},
      title = #{title,jdbcType=VARCHAR},
      image = #{image,jdbcType=VARCHAR},
      text = #{text,jdbcType=VARCHAR},
      release_time = #{releaseTime,jdbcType=TIMESTAMP}
    where article_id = #{articleId,jdbcType=INTEGER}
  </update>
  
  <update id="update_by_art_id" parameterType="golden.tempmodel.article_1">
    update article set
      text = #{text,jdbcType=VARCHAR}
    where article_id = #{articleId,jdbcType=INTEGER}
  </update>
  
</mapper>