<?xml version="1.0" encoding="UTF-8"?>
<!DOCTYPE mapper PUBLIC "-//mybatis.org//DTD Mapper 3.0//EN" "http://mybatis.org/dtd/mybatis-3-mapper.dtd">
<mapper namespace="golden.mapper.HomeworkMapper">
  <resultMap id="BaseResultMap" type="golden.model.Homework">
    <id column="homework_id" jdbcType="INTEGER" property="homeworkId" />
    <result column="teacher_id" jdbcType="INTEGER" property="teacherId" />
    <result column="course_id" jdbcType="INTEGER" property="courseId" />
    <result column="question" jdbcType="VARCHAR" property="question" />
    <result column="score" jdbcType="INTEGER" property="score" />
    <result column="deadline" jdbcType="TIMESTAMP" property="deadline" />
    <result column="release_time" jdbcType="TIMESTAMP" property="releaseTime" />
    <result column="type" jdbcType="INTEGER" property="type" />
  </resultMap>
  <sql id="Base_Column_List">
    homework_id, teacher_id, course_id, question, score, deadline, release_time, type
  </sql>
  <select id="selectByPrimaryKey" parameterType="java.lang.Integer" resultMap="BaseResultMap">
    select 
    <include refid="Base_Column_List" />
    from homework
    where homework_id = #{homeworkId,jdbcType=INTEGER}
  </select>
  
  <select id="get_hom_by_couId" parameterType="java.lang.Integer" resultMap="BaseResultMap">
    select 
    <include refid="Base_Column_List" />
    from homework
    where course_id = #{cou_id,jdbcType=INTEGER}
  </select>
  
  <delete id="deleteByPrimaryKey" parameterType="java.lang.Integer">
    delete from homework
    where homework_id = #{homeworkId,jdbcType=INTEGER}
  </delete>
  <insert id="insert" parameterType="golden.model.Homework">
    insert into homework (homework_id, teacher_id, course_id, 
      question, score, deadline, 
      release_time, type)
    values (#{homeworkId,jdbcType=INTEGER}, #{teacherId,jdbcType=INTEGER}, #{courseId,jdbcType=INTEGER}, 
      #{question,jdbcType=VARCHAR}, #{score,jdbcType=INTEGER}, #{deadline,jdbcType=TIMESTAMP}, 
      #{releaseTime,jdbcType=TIMESTAMP}, #{type,jdbcType=INTEGER})
  </insert>
  <insert id="insertSelective" parameterType="golden.model.Homework">
    insert into homework
    <trim prefix="(" suffix=")" suffixOverrides=",">
      <if test="homeworkId != null">
        homework_id,
      </if>
      <if test="teacherId != null">
        teacher_id,
      </if>
      <if test="courseId != null">
        course_id,
      </if>
      <if test="question != null">
        question,
      </if>
      <if test="score != null">
        score,
      </if>
      <if test="deadline != null">
        deadline,
      </if>
      <if test="releaseTime != null">
        release_time,
      </if>
      <if test="type != null">
        type,
      </if>
    </trim>
    <trim prefix="values (" suffix=")" suffixOverrides=",">
      <if test="homeworkId != null">
        #{homeworkId,jdbcType=INTEGER},
      </if>
      <if test="teacherId != null">
        #{teacherId,jdbcType=INTEGER},
      </if>
      <if test="courseId != null">
        #{courseId,jdbcType=INTEGER},
      </if>
      <if test="question != null">
        #{question,jdbcType=VARCHAR},
      </if>
      <if test="score != null">
        #{score,jdbcType=INTEGER},
      </if>
      <if test="deadline != null">
        #{deadline,jdbcType=TIMESTAMP},
      </if>
      <if test="releaseTime != null">
        #{releaseTime,jdbcType=TIMESTAMP},
      </if>
      <if test="type != null">
        #{type,jdbcType=INTEGER},
      </if>
    </trim>
  </insert>
  <update id="updateByPrimaryKeySelective" parameterType="golden.model.Homework">
    update homework
    <set>
      <if test="teacherId != null">
        teacher_id = #{teacherId,jdbcType=INTEGER},
      </if>
      <if test="courseId != null">
        course_id = #{courseId,jdbcType=INTEGER},
      </if>
      <if test="question != null">
        question = #{question,jdbcType=VARCHAR},
      </if>
      <if test="score != null">
        score = #{score,jdbcType=INTEGER},
      </if>
      <if test="deadline != null">
        deadline = #{deadline,jdbcType=TIMESTAMP},
      </if>
      <if test="releaseTime != null">
        release_time = #{releaseTime,jdbcType=TIMESTAMP},
      </if>
      <if test="type != null">
        type = #{type,jdbcType=INTEGER},
      </if>
    </set>
    where homework_id = #{homeworkId,jdbcType=INTEGER}
  </update>
  <update id="updateByPrimaryKey" parameterType="golden.model.Homework">
    update homework
    set teacher_id = #{teacherId,jdbcType=INTEGER},
      course_id = #{courseId,jdbcType=INTEGER},
      question = #{question,jdbcType=VARCHAR},
      score = #{score,jdbcType=INTEGER},
      deadline = #{deadline,jdbcType=TIMESTAMP},
      release_time = #{releaseTime,jdbcType=TIMESTAMP},
      type = #{type,jdbcType=INTEGER}
    where homework_id = #{homeworkId,jdbcType=INTEGER}
  </update>
</mapper>