<?xml version="1.0" encoding="UTF-8"?>
<!DOCTYPE mapper PUBLIC "-//mybatis.org//DTD Mapper 3.0//EN" "http://mybatis.org/dtd/mybatis-3-mapper.dtd">
<mapper namespace="golden.mapper.VideoMapper">
  <resultMap id="BaseResultMap" type="golden.model.Video">
    <id column="video_id" jdbcType="INTEGER" property="videoId" />
    <result column="teacher_id" jdbcType="INTEGER" property="teacherId" />
    <result column="title" jdbcType="VARCHAR" property="title" />
    <result column="name" jdbcType="VARCHAR" property="name" />
    <result column="image" jdbcType="VARCHAR" property="image" />
    <result column="video_url" jdbcType="VARCHAR" property="videoUrl" />
    <result column="type" jdbcType="INTEGER" property="type" />
    <result column="release_time" jdbcType="TIMESTAMP" property="releaseTime" />
  </resultMap>
  <sql id="Base_Column_List">
    video_id, teacher_id, title, name, image, video_url, type, release_time
  </sql>
  <select id="selectByPrimaryKey" parameterType="java.lang.Integer" resultMap="BaseResultMap">
    select 
    <include refid="Base_Column_List" />
    from video
    where video_id = #{videoId,jdbcType=INTEGER}
  </select>
  
   <select id="get_vid"  resultMap="BaseResultMap">
    select 
    <include refid="Base_Column_List" />
    from video order by video_id desc limit #{start},#{size}
  </select>
  
  
  <select id="get_vid_total"  resultType="java.lang.Integer">
    select 
    count(video_id)
    from video
  </select>
  
  <delete id="deleteByPrimaryKey" parameterType="java.lang.Integer">
    delete from video
    where video_id = #{videoId,jdbcType=INTEGER}
  </delete>
  <insert id="insert" parameterType="golden.model.Video">
    insert into video (video_id, teacher_id, title, 
      name, image, video_url, 
      type, release_time)
    values (#{videoId,jdbcType=INTEGER}, #{teacherId,jdbcType=INTEGER}, #{title,jdbcType=VARCHAR}, 
      #{name,jdbcType=VARCHAR}, #{image,jdbcType=VARCHAR}, #{videoUrl,jdbcType=VARCHAR}, 
      #{type,jdbcType=INTEGER}, #{releaseTime,jdbcType=TIMESTAMP})
  </insert>
  <insert id="insertSelective" parameterType="golden.model.Video">
    insert into video
    <trim prefix="(" suffix=")" suffixOverrides=",">
      <if test="videoId != null">
        video_id,
      </if>
      <if test="teacherId != null">
        teacher_id,
      </if>
      <if test="title != null">
        title,
      </if>
      <if test="name != null">
        name,
      </if>
      <if test="image != null">
        image,
      </if>
      <if test="videoUrl != null">
        video_url,
      </if>
      <if test="type != null">
        type,
      </if>
      <if test="releaseTime != null">
        release_time,
      </if>
    </trim>
    <trim prefix="values (" suffix=")" suffixOverrides=",">
      <if test="videoId != null">
        #{videoId,jdbcType=INTEGER},
      </if>
      <if test="teacherId != null">
        #{teacherId,jdbcType=INTEGER},
      </if>
      <if test="title != null">
        #{title,jdbcType=VARCHAR},
      </if>
      <if test="name != null">
        #{name,jdbcType=VARCHAR},
      </if>
      <if test="image != null">
        #{image,jdbcType=VARCHAR},
      </if>
      <if test="videoUrl != null">
        #{videoUrl,jdbcType=VARCHAR},
      </if>
      <if test="type != null">
        #{type,jdbcType=INTEGER},
      </if>
      <if test="releaseTime != null">
        #{releaseTime,jdbcType=TIMESTAMP},
      </if>
    </trim>
  </insert>
  <update id="updateByPrimaryKeySelective" parameterType="golden.model.Video">
    update video
    <set>
      <if test="teacherId != null">
        teacher_id = #{teacherId,jdbcType=INTEGER},
      </if>
      <if test="title != null">
        title = #{title,jdbcType=VARCHAR},
      </if>
      <if test="name != null">
        name = #{name,jdbcType=VARCHAR},
      </if>
      <if test="image != null">
        image = #{image,jdbcType=VARCHAR},
      </if>
      <if test="videoUrl != null">
        video_url = #{videoUrl,jdbcType=VARCHAR},
      </if>
      <if test="type != null">
        type = #{type,jdbcType=INTEGER},
      </if>
      <if test="releaseTime != null">
        release_time = #{releaseTime,jdbcType=TIMESTAMP},
      </if>
    </set>
    where video_id = #{videoId,jdbcType=INTEGER}
  </update>
  <update id="updateByPrimaryKey" parameterType="golden.model.Video">
    update video
    set teacher_id = #{teacherId,jdbcType=INTEGER},
      title = #{title,jdbcType=VARCHAR},
      name = #{name,jdbcType=VARCHAR},
      image = #{image,jdbcType=VARCHAR},
      video_url = #{videoUrl,jdbcType=VARCHAR},
      type = #{type,jdbcType=INTEGER},
      release_time = #{releaseTime,jdbcType=TIMESTAMP}
    where video_id = #{videoId,jdbcType=INTEGER}
  </update>
</mapper>